 
a
d
h
o
c
 
•
o
r
a
c
l
e
┏
┃
┡
│
└

┏
┃
┡
│
│
│
│
│
│
│
│
│
│
│
│
│
│
│
│
│
│
│
│
│
│
└

J
o
b
 
I
n
f
o
T
o
t
a
l
 
r
u
n
t
i
m
e
:
 
6
m
 
1
9
s
R
e
s
u
l
t
s
 
w
r
i
t
t
e
n
 
t
o
 
/
h
o
m
e
/
v
i
l
l
a
/
h
a
r
b
o
r
/
t
a
n
t
i
v
y
-
r
o
u
n
d
2
-
a
s
t
r
o
/
b
u
i
l
d
e
r
-
d
i
s
c
o
v
e
r
y
/
t
a
n
t
i
v
y
-
b
u
i
l
d
e
r
-
a
s
t
r
o
-
r
o
u
n
d
2
-
d
i
s
c
o
v
e
r
y
-
2
0
2
6
0
7
2
3
-
0
1
/
r
e
s
u
l
t
.
j
s
o
n
I
n
s
p
e
c
t
 
r
e
s
u
l
t
s
 
b
y
 
r
u
n
n
i
n
g
 
`
h
a
r
b
o
r
 
v
i
e
w
 
/
h
o
m
e
/
v
i
l
l
a
/
h
a
r
b
o
r
/
t
a
n
t
i
v
y
-
r
o
u
n
d
2
-
a
s
t
r
o
/
b
u
i
l
d
e
r
-
d
i
s
c
o
v
e
r
y
`
S
h
a
r
e
 
r
e
s
u
l
t
s
 
b
y
 
r
u
n
n
i
n
g
 
`
h
a
r
b
o
r
 
u
p
l
o
a
d
 
/
h
o
m
e
/
v
i
l
l
a
/
h
a
r
b
o
r
/
t
a
n
t
i
v
y
-
r
o
u
n
d
2
-
a
s
t
r
o
/
b
u
i
l
d
e
r
-
d
i
s
c
o
v
e
r
y
/
t
a
n
t
i
v
y
-
b
u
i
l
d
e
r
-
a
s
t
r
o
-
r
o
u
n
d
2
-
d
i
s
c
o
v
e
r
y
-
2
0
2
6
0
7
2
3
-
0
1
`

